// Jest Snapshot v1, https://goo.gl/fbAQLP

exports[`<Logout /> Should render and match the snapshot 1`] = `null`;
